// Jest Snapshot v1, https://goo.gl/fbAQLP

exports[`A slider is not rendered when the whole harp is visible 1`] = `null`;

exports[`A slider is not rendered when the whole harp is visible 2`] = `null`;
