// Jest Snapshot v1, https://goo.gl/fbAQLP

exports[`A snapshot of HoleNumberRow 1`] = `
<View
  style={
    Object {
      "backgroundColor": "red",
      "flexDirection": "row",
      "height": 0,
      "justifyContent": "space-around",
      "zIndex": 3,
    }
  }
>
  <View
    style={
      Object {
        "alignItems": "center",
        "height": 21.120884235352566,
        "justifyContent": "center",
        "top": -10.560442117676283,
        "width": 55.295198637441516,
      }
    }
  >
    <Text
      allowFontScaling={false}
      style={
        Object {
          "color": "#555",
          "fontSize": 21.120884235352566,
        }
      }
    >
      1
    </Text>
  </View>
  <View
    style={
      Object {
        "alignItems": "center",
        "height": 21.120884235352566,
        "justifyContent": "center",
        "top": -10.560442117676283,
        "width": 55.295198637441516,
      }
    }
  >
    <Text
      allowFontScaling={false}
      style={
        Object {
          "color": "#555",
          "fontSize": 21.120884235352566,
        }
      }
    >
      2
    </Text>
  </View>
  <View
    style={
      Object {
        "alignItems": "center",
        "height": 21.120884235352566,
        "justifyContent": "center",
        "top": -10.560442117676283,
        "width": 55.295198637441516,
      }
    }
  >
    <Text
      allowFontScaling={false}
      style={
        Object {
          "color": "#555",
          "fontSize": 21.120884235352566,
        }
      }
    >
      3
    </Text>
  </View>
  <View
    style={
      Object {
        "alignItems": "center",
        "height": 21.120884235352566,
        "justifyContent": "center",
        "top": -10.560442117676283,
        "width": 55.295198637441516,
      }
    }
  >
    <Text
      allowFontScaling={false}
      style={
        Object {
          "color": "#555",
          "fontSize": 21.120884235352566,
        }
      }
    >
      4
    </Text>
  </View>
  <View
    style={
      Object {
        "alignItems": "center",
        "height": 21.120884235352566,
        "justifyContent": "center",
        "top": -10.560442117676283,
        "width": 55.295198637441516,
      }
    }
  >
    <Text
      allowFontScaling={false}
      style={
        Object {
          "color": "#555",
          "fontSize": 21.120884235352566,
        }
      }
    >
      5
    </Text>
  </View>
  <View
    style={
      Object {
        "alignItems": "center",
        "height": 21.120884235352566,
        "justifyContent": "center",
        "top": -10.560442117676283,
        "width": 55.295198637441516,
      }
    }
  >
    <Text
      allowFontScaling={false}
      style={
        Object {
          "color": "#555",
          "fontSize": 21.120884235352566,
        }
      }
    >
      6
    </Text>
  </View>
  <View
    style={
      Object {
        "alignItems": "center",
        "height": 21.120884235352566,
        "justifyContent": "center",
        "top": -10.560442117676283,
        "width": 55.295198637441516,
      }
    }
  >
    <Text
      allowFontScaling={false}
      style={
        Object {
          "color": "#555",
          "fontSize": 21.120884235352566,
        }
      }
    >
      7
    </Text>
  </View>
  <View
    style={
      Object {
        "alignItems": "center",
        "height": 21.120884235352566,
        "justifyContent": "center",
        "top": -10.560442117676283,
        "width": 55.295198637441516,
      }
    }
  >
    <Text
      allowFontScaling={false}
      style={
        Object {
          "color": "#555",
          "fontSize": 21.120884235352566,
        }
      }
    >
      8
    </Text>
  </View>
  <View
    style={
      Object {
        "alignItems": "center",
        "height": 21.120884235352566,
        "justifyContent": "center",
        "top": -10.560442117676283,
        "width": 55.295198637441516,
      }
    }
  >
    <Text
      allowFontScaling={false}
      style={
        Object {
          "color": "#555",
          "fontSize": 21.120884235352566,
        }
      }
    >
      9
    </Text>
  </View>
  <View
    style={
      Object {
        "alignItems": "center",
        "height": 21.120884235352566,
        "justifyContent": "center",
        "top": -10.560442117676283,
        "width": 55.295198637441516,
      }
    }
  >
    <Text
      allowFontScaling={false}
      style={
        Object {
          "color": "#555",
          "fontSize": 21.120884235352566,
        }
      }
    >
      10
    </Text>
  </View>
</View>
`;
